// Jest Snapshot v1, https://goo.gl/fbAQLP

exports[`HdPasswordConfirm is rendered as expected 1`] = `
<div class="confirmPassword">
  <hdinputpassword-stub value="" name="passwordMain" icon="" label="Ihr Passwort" required="true" class="confirm-password__input"></hdinputpassword-stub>
  <div class="confirmPassword__strengthMeter">
    <div class="confirmPassword__strengthMeter__text"></div>
    <div class="confirmPassword__strengthMeter__gauge">
      <div class="confirmPassword__strengthMeter__gauge__bar"></div>
    </div>
  </div>
  <hdinputpassword-stub value="" name="passwordConfirm" icon="" label="BestÃ¤tigen Sie Ihr Passwort" required="true" class="confirmPassword__input"></hdinputpassword-stub>
</div>
`;
